// Jest Snapshot v1, https://goo.gl/fbAQLP

exports[`onNavigate should load the page 1`] = `undefined`;
